xelatex: security risk: running with elevated privileges
This is XeTeX, Version 3.141592653-2.6-0.999997 (MiKTeX 25.12) (preloaded format=xelatex.fmt)
 restricted \write18 enabled.
entering extended mode
(main.tex
LaTeX2e <2025-11-01>
L3 programming layer <2025-12-24>
(preamble.tex (C:\Program Files\MiKTeX\tex/latex/base\article.cls
Document Class: article 2025/01/22 v1.4n Standard LaTeX document class
(C:\Program Files\MiKTeX\tex/latex/base\size11.clo))
(C:\Program Files\MiKTeX\tex/latex/fontspec\fontspec.sty
(C:\Program Files\MiKTeX\tex/latex/l3packages/xparse\xparse.sty
(C:\Program Files\MiKTeX\tex/latex/l3kernel\expl3.sty
(C:\Program Files\MiKTeX\tex/latex/l3backend\l3backend-xetex.def)))
(C:\Program Files\MiKTeX\tex/latex/fontspec\fontspec-xetex.sty
(C:\Program Files\MiKTeX\tex/latex/base\fontenc.sty)
(C:\Program Files\MiKTeX\tex/latex/fontspec\fontspec.cfg)))
(C:\Users\user\AppData\Roaming\MiKTeX\tex/latex/geometry\geometry.sty
(C:\Program Files\MiKTeX\tex/latex/graphics\keyval.sty)
(C:\Program Files\MiKTeX\tex/generic/iftex\ifvtex.sty
(C:\Program Files\MiKTeX\tex/generic/iftex\iftex.sty))
(C:\Users\user\AppData\Roaming\MiKTeX\tex/latex/geometry\geometry.cfg))
(C:\Users\user\AppData\Roaming\MiKTeX\tex/latex/setspace\setspace.sty)
(C:\Users\user\AppData\Roaming\MiKTeX\tex/latex/titlesec\titlesec.sty)
(C:\Users\user\AppData\Roaming\MiKTeX\tex/latex/titlesec\titletoc.sty)
(C:\Program Files\MiKTeX\tex/latex/hyperref\hyperref.sty
(C:\Users\user\AppData\Roaming\MiKTeX\tex/latex/kvsetkeys\kvsetkeys.sty)
(C:\Users\user\AppData\Roaming\MiKTeX\tex/generic/kvdefinekeys\kvdefinekeys.sty
) (C:\Users\user\AppData\Roaming\MiKTeX\tex/generic/pdfescape\pdfescape.sty
(C:\Users\user\AppData\Roaming\MiKTeX\tex/generic/ltxcmds\ltxcmds.sty)
(C:\Program Files\MiKTeX\tex/generic/pdftexcmds\pdftexcmds.sty
(C:\Users\user\AppData\Roaming\MiKTeX\tex/generic/infwarerr\infwarerr.sty)))
(C:\Users\user\AppData\Roaming\MiKTeX\tex/latex/hycolor\hycolor.sty)
(C:\Program Files\MiKTeX\tex/latex/hyperref\nameref.sty
(C:\Users\user\AppData\Roaming\MiKTeX\tex/latex/refcount\refcount.sty)
(C:\Users\user\AppData\Roaming\MiKTeX\tex/generic/gettitlestring\gettitlestring
.sty (C:\Users\user\AppData\Roaming\MiKTeX\tex/latex/kvoptions\kvoptions.sty)))
 (C:\Program Files\MiKTeX\tex/latex/etoolbox\etoolbox.sty)
(C:\Users\user\AppData\Roaming\MiKTeX\tex/generic/stringenc\stringenc.sty)
(C:\Program Files\MiKTeX\tex/latex/hyperref\pd1enc.def)
(C:\Users\user\AppData\Roaming\MiKTeX\tex/generic/intcalc\intcalc.sty)
(C:\Program Files\MiKTeX\tex/latex/hyperref\puenc.def)
(C:\Program Files\MiKTeX\tex/latex/url\url.sty)
(C:\Users\user\AppData\Roaming\MiKTeX\tex/generic/bitset\bitset.sty
(C:\Users\user\AppData\Roaming\MiKTeX\tex/generic/bigintcalc\bigintcalc.sty)))
(C:\Program Files\MiKTeX\tex/latex/hyperref\hxetex.def
(C:\Users\user\AppData\Roaming\MiKTeX\tex/latex/rerunfilecheck\rerunfilecheck.s
ty
(C:\Users\user\AppData\Roaming\MiKTeX\tex/generic/uniquecounter\uniquecounter.s
ty))) (C:\Users\user\AppData\Roaming\MiKTeX\tex/latex/booktabs\booktabs.sty)
(C:\Program Files\MiKTeX\tex/latex/tools\longtable.sty)
(C:\Program Files\MiKTeX\tex/latex/tools\array.sty)
(C:\Users\user\AppData\Roaming\MiKTeX\tex/latex/caption\caption.sty
(C:\Users\user\AppData\Roaming\MiKTeX\tex/latex/caption\caption3.sty)
(C:\Users\user\AppData\Roaming\MiKTeX\tex/latex/caption\ltcaption.sty))
(C:\Program Files\MiKTeX\tex/latex/amsmath\amsmath.sty
For additional information on amsmath, use the `?' option.
(C:\Program Files\MiKTeX\tex/latex/amsmath\amstext.sty
(C:\Program Files\MiKTeX\tex/latex/amsmath\amsgen.sty))
(C:\Program Files\MiKTeX\tex/latex/amsmath\amsbsy.sty)
(C:\Program Files\MiKTeX\tex/latex/amsmath\amsopn.sty))
(C:\Program Files\MiKTeX\tex/latex/amsfonts\amssymb.sty
(C:\Program Files\MiKTeX\tex/latex/amsfonts\amsfonts.sty))
(C:\Program Files\MiKTeX\tex/generic/babel\babel.sty
(C:\Program Files\MiKTeX\tex/generic/babel\xebabel.def)
*************************************
* Local config file bblopts.cfg used
*
(C:\Program Files\MiKTeX\tex/latex/arabi\bblopts.cfg)
(C:\Program Files\MiKTeX\tex/generic/babel/locale/en\babel-american.tex)
(C:\Program Files\MiKTeX\tex/latex/babel-english\american.ldf
(C:\Program Files\MiKTeX\tex/latex/babel-english\english.ldf)))
(C:\Users\user\AppData\Roaming\MiKTeX\tex/latex/csquotes\csquotes.sty
(C:\Users\user\AppData\Roaming\MiKTeX\tex/latex/csquotes\csquotes.def)
(C:\Users\user\AppData\Roaming\MiKTeX\tex/latex/csquotes\csquotes.cfg))
(C:\Program Files\MiKTeX\tex/latex/biblatex\biblatex.sty
(C:\Users\user\AppData\Roaming\MiKTeX\tex/latex/logreq\logreq.sty
(C:\Users\user\AppData\Roaming\MiKTeX\tex/latex/logreq\logreq.def))
(C:\Program Files\MiKTeX\tex/latex/base\ifthen.sty)
(C:\Program Files\MiKTeX\tex/latex/biblatex\blx-dm.def)
(C:\Program Files\MiKTeX\tex/latex/biblatex\blx-unicode.def)
(C:\Program Files\MiKTeX\tex/latex/biblatex\blx-compat.def)
(C:\Program Files\MiKTeX\tex/latex/biblatex\biblatex.def)
(C:\Users\user\AppData\Roaming\MiKTeX\tex/latex/biblatex-chicago\chicago-author
date.bbx)
(C:\Users\user\AppData\Roaming\MiKTeX\tex/latex/biblatex-chicago\chicago-author
date.cbx
(C:\Users\user\AppData\Roaming\MiKTeX\tex/latex/biblatex-chicago\chicago-dates-
common.cbx)) (C:\Program Files\MiKTeX\tex/latex/biblatex\biblatex.cfg)
(C:\Program Files\MiKTeX\tex/latex/biblatex\blx-case-expl3.sty))) (main.aux)
*geometry* driver: auto-detecting
*geometry* detected driver: xetex
(main.out) (main.out)
(C:\Program Files\MiKTeX\tex/latex/biblatex/lbx\american.lbx
(C:\Program Files\MiKTeX\tex/latex/biblatex/lbx\english.lbx)
(C:\Program Files\MiKTeX\tex/latex/biblatex/lbx\english.lbx)) (main.bbl)
(titlepage.tex [1miktex-dvipdfmx: security risk: running with elevated privileges
]) (main.toc

LaTeX Font Warning: Font shape `OML/cmm/m/it' in size <5.5> not available
(Font)              size <5> substituted on input line 4.


LaTeX Font Warning: Font shape `OMS/cmsy/m/n' in size <5.5> not available
(Font)              size <5> substituted on input line 4.

(C:\Program Files\MiKTeX\tex/latex/amsfonts\umsa.fd)
(C:\Program Files\MiKTeX\tex/latex/amsfonts\umsb.fd)

LaTeX Font Warning: Font shape `OT1/cmr/m/n' in size <5.5> not available
(Font)              size <5> substituted on input line 4.

[1] [2]
Overfull \hbox (4.17526pt too wide) in paragraph at lines 71--71
 [][] []\TU/TimesNewRoman(0)/m/n/11 C.4 Spatial-extraction and sensitivity diag
nostics (established-date models, summarised)[] []  
) [3] (chapters/08_abstract.tex) [1] (chapters/01_introduction.tex

Package hyperref Warning: The anchor of a bookmark and its parent's must not
(hyperref)                be the same. Added a new anchor on input line 7.

[2] [3] [4]) [5] (chapters/02_literature_review.tex

Package hyperref Warning: The anchor of a bookmark and its parent's must not
(hyperref)                be the same. Added a new anchor on input line 5.

[6]
Overfull \hbox (7.45686pt too wide) in paragraph at lines 19--20
\TU/TimesNewRoman(0)/m/n/10.95 Randomised evidence on WASH and child growth com
es primarily from three cluster-randomised
[7] [8] [9]) [10] [11] (chapters/03_data_and_variables.tex

Package hyperref Warning: The anchor of a bookmark and its parent's must not
(hyperref)                be the same. Added a new anchor on input line 7.


Overfull \hbox (2.93532pt too wide) in paragraph at lines 14--15
\TU/TimesNewRoman(0)/m/n/10.95 Three outcomes are constructed following standar
d DHS/WHO anthropometric practice: height-

Overfull \hbox (0.5623pt too wide) in paragraph at lines 14--15
\TU/TimesNewRoman(0)/m/n/10.95 for-age (HAZ), weight-for-age (WAZ), and weight-
for-height (WHZ), each a standard-deviation

Overfull \hbox (4.18733pt too wide) in paragraph at lines 19--20
\TU/TimesNewRoman(0)/m/n/10.95 Four exposures are constructed for the baseline 
sample: own-household improved/non-improved

Overfull \hbox (6.98257pt too wide) in paragraph at lines 19--20
\TU/TimesNewRoman(0)/m/n/10.95 counterparts, each following the WHO/UNICEF Join
t Monitoring Programme (JMP) ”improved”
[12] [13] [14]) [15] (chapters/04_empirical_strategy.tex

Package hyperref Warning: The anchor of a bookmark and its parent's must not
(hyperref)                be the same. Added a new anchor on input line 7.

[16] [17] [18]) [19] [20] (chapters/05_results.tex

Package hyperref Warning: The anchor of a bookmark and its parent's must not
(hyperref)                be the same. Added a new anchor on input line 7.

[21]
ignored error: Infinite glue shrinkage found in box being split [22] [23]
Overfull \hbox (15.43752pt too wide) in paragraph at lines 126--127
\TU/TimesNewRoman(0)/m/n/10.95 above, since both exposures are estimated on the
 same anthropometric sample per outcome/country;
[24]
Overfull \hbox (2.23767pt too wide) in paragraph at lines 167--168
\TU/TimesNewRoman(0)/m/n/10.95 stricted to the smaller common sample eligible u
nder all four windows — a \TU/TimesNewRoman(0)/b/n/10.95 sample-composition
) [25] [26] (chapters/06_discussion_and_limitations.tex

Package hyperref Warning: The anchor of a bookmark and its parent's must not
(hyperref)                be the same. Added a new anchor on input line 5.

[27] [28] [29]) [30] (chapters/07_conclusion.tex) [31] [32] [33]
Overfull \hbox (4.01588pt too wide) in paragraph at lines 39--39
\TU/TimesNewRoman(0)/m/n/11 (see docs/provenance/historical_wash_ihme_product_d
efinitions_v1_2026-10-07.md). \TU/TimesNewRoman(0)/m/it/11 The
[34] [35] (appendices/A_variable_definitions_and_sample_flow.tex

Package hyperref Warning: The anchor of a bookmark and its parent's must not
(hyperref)                be the same. Added a new anchor on input line 5.

ignored error: Infinite glue shrinkage found in box being split [36]
Overfull \hbox (13.65543pt too wide) in paragraph at lines 30--31
\TU/TimesNewRoman(0)/m/n/10.95 36,145, 4,426 clusters). Full flow: \TU/lmtt/m/n
/10.95 outputs/household_community_wash/01_development_

Overfull \hbox (42.47562pt too wide) in paragraph at lines 35--36
\TU/TimesNewRoman(0)/m/n/10.95 Raw analysis candidates, established countries (
60,772) → candidate == GREGORIAN_ESTABLISHED

Overfull \hbox (9.93568pt too wide) in paragraph at lines 35--36
\TU/TimesNewRoman(0)/m/n/10.95 in \TU/lmtt/m/n/10.95 scripts/historical_wash/20
_validate_pooled_estimate.py\TU/TimesNewRoman(0)/m/n/10.95 ’s execution log (\T
U/lmtt/m/n/10.95 data/

Overfull \hbox (35.83743pt too wide) in paragraph at lines 35--36
\TU/lmtt/m/n/10.95 processed/estimation/pooled_independent_validation_20261007T
090003Z/execution_
[37])
Overfull \hbox (13.23134pt too wide) in paragraph at lines 60--45
\TU/TimesNewRoman(0)/m/n/10.95 See \TU/lmtt/m/n/10.95 docs/provenance/final_emp
irical_package_v3_2026-10-07/00_results_index.
[38] (appendices/B_model_specifications_and_independent_verification.tex
Overfull \hbox (2.29225pt too wide) in paragraph at lines 4--4
|\TU/TimesNewRoman(0)/b/n/12 B.1 Inference-convention comparison (baseline hous
ehold cluster-FE model, HAZ)| 

Package hyperref Warning: The anchor of a bookmark and its parent's must not
(hyperref)                be the same. Added a new anchor on input line 5.


Overfull \hbox (5.27019pt too wide) in paragraph at lines 10--10
[]|\TU/TimesNewRoman(0)/m/n/10 Sanitation 

Overfull \hbox (9.97012pt too wide) in paragraph at lines 19--20
\TU/TimesNewRoman(0)/m/n/10.95 PRIMARY does not, following the project’s cross-
validated adjudication against \TU/lmtt/m/n/10.95 linearmodels.

Overfull \hbox (22.32297pt too wide) in paragraph at lines 19--20
\TU/lmtt/m/n/10.95 PanelOLS(auto_df=True)\TU/TimesNewRoman(0)/m/n/10.95 ; see \
TU/lmtt/m/n/10.95 docs/provenance/cluster_fe_inference_adjudication.

Overfull \hbox (8.16599pt too wide) in paragraph at lines 24--25
\TU/TimesNewRoman(0)/m/n/10.95 timator. A prior independent check (\TU/lmtt/m/n
/10.95 scripts/historical_wash/17_validate_estimates.

Overfull \hbox (1.74052pt too wide) in paragraph at lines 26--27
\TU/TimesNewRoman(0)/m/n/10.95 torical extension. \TU/lmtt/m/n/10.95 scripts/hi
storical_wash/20_validate_pooled_estimate.py\TU/TimesNewRoman(0)/m/n/10.95 , wr
it-
[39]
Overfull \hbox (44.3919pt too wide) in paragraph at lines 52--53
[]\TU/TimesNewRoman(0)/m/n/10.95 Full execution log and comparison JSON: \TU/lm
tt/m/n/10.95 data/processed/estimation/pooled_independent_

Overfull \hbox (8.76265pt too wide) in paragraph at lines 52--53
\TU/lmtt/m/n/10.95 validation_20261007T090003Z/ \TU/TimesNewRoman(0)/m/n/10.95 
(RESTRICTED; aggregate figures only, reproduced above). 

Overfull \hbox (3.83995pt too wide) in paragraph at lines 54--55
[]\TU/TimesNewRoman(0)/b/n/10.95 The SE difference above is fully explained, no
t residual numerical noise. \TU/lmtt/m/n/10.95 16_estimate_

Overfull \hbox (8.52022pt too wide) in paragraph at lines 54--55
\TU/lmtt/m/n/10.95 pooled_estimate.py\TU/TimesNewRoman(0)/m/n/10.95 ’s and \TU/
lmtt/m/n/10.95 21_validate_all_primary_cells.py\TU/TimesNewRoman(0)/m/n/10.95 ’
s \TU/lmtt/m/n/10.95 PanelOLS.fit(cov_

Overfull \hbox (41.30199pt too wide) in paragraph at lines 54--55
\TU/TimesNewRoman(0)/m/n/10.95 applies linearmodels’ own \TU/lmtt/m/n/10.95 (G/
(G-1)) × ((N-1)/N) \TU/TimesNewRoman(0)/m/n/10.95 cluster-count adjustment (\TU
/lmtt/m/n/10.95 shared/covariance.

Overfull \hbox (1.37302pt too wide) in paragraph at lines 54--55
\TU/lmtt/m/n/10.95 independent_audit_v1_2026-10-07/09_update_2026-10-07_pass4.m
d\TU/TimesNewRoman(0)/m/n/10.95 . This does not
[40])
Overfull \hbox (59.44019pt too wide) in paragraph at lines 61--47
\TU/TimesNewRoman(0)/m/n/10.95 pass, \TU/lmtt/m/n/10.95 data/processed/estimati
on/run_20261006T185646Z/design_checks_20261006T190020Z/
[41] (appendices/C_historical_diagnostics_and_ethiopia.tex

Package hyperref Warning: The anchor of a bookmark and its parent's must not
(hyperref)                be the same. Added a new anchor on input line 7.

[42])
Overfull \hbox (27.07002pt too wide) in paragraph at lines 70--49
\TU/TimesNewRoman(0)/m/n/10.95 gether as a pre-specified sensitivity family (\T
U/lmtt/m/n/10.95 docs/provenance/historical_wash_preliminary_
(declaration.tex [43]) [44] (main.aux)miktex-dvipdfmx: major issue: So far, no MiKTeX administrator has checked for updates.


LaTeX Font Warning: Size substitutions with differences
(Font)              up to 0.5pt have occurred.

 )
(see the transcript file for additional information)
Output written on main.pdf (48 pages).
Transcript written on main.log.
xelatex: major issue: So far, no MiKTeX administrator has checked for updates.
